[www.indonez.com/html-demo/Wave/index.html]
[backblue.gif]
[fade.gif]
[index.html]
[www.indonez.com/html-demo/Wave/js/vendors/uikit.min.js]
[www.indonez.com/html-demo/Wave/css/vendors/uikit.min.css]
[www.indonez.com/html-demo/Wave/css/style.css]
[www.indonez.com/html-demo/Wave/fonts/fa-brands-400.woff2]
[www.indonez.com/html-demo/Wave/fonts/fa-solid-900.woff2]
[www.indonez.com/html-demo/Wave/fonts/rubik-v9-latin-500.woff2]
[www.indonez.com/html-demo/Wave/fonts/rubik-v9-latin-300.woff2]
[www.indonez.com/html-demo/Wave/fonts/rubik-v9-latin-regular.woff2]
[www.indonez.com/html-demo/Wave/favicon.ico]
[www.indonez.com/html-demo/Wave/apple-touch-icon.png]
[www.indonez.com/html-demo/Wave/index-2.html]
[www.indonez.com/html-demo/Wave/img/in-lazy.gif]
[www.indonez.com/html-demo/Wave/homepage2.html]
[www.indonez.com/html-demo/Wave/homepage3.html]
[www.indonez.com/html-demo/Wave/homepage4.html]
[www.indonez.com/html-demo/Wave/markets.html]
[www.indonez.com/html-demo/Wave/about.html]
[www.indonez.com/html-demo/Wave/blog-list.html]
[www.indonez.com/html-demo/Wave/careers.html]
[www.indonez.com/html-demo/Wave/contact.html]
[www.indonez.com/html-demo/Wave/education.html]
[www.indonez.com/html-demo/Wave/help-center.html]
[www.indonez.com/html-demo/Wave/customers.html]
[www.indonez.com/html-demo/Wave/roadmap.html]
[www.indonez.com/html-demo/Wave/legal-docs.html]
[www.indonez.com/html-demo/Wave/signin.html]
[www.indonez.com/html-demo/Wave/img/in-wave-card-bg-1.png]
[www.indonez.com/html-demo/Wave/img/in-wave-card-bg-2.png]
[www.indonez.com/html-demo/Wave/img/in-wave-card-bg-3.png]
[www.indonez.com/html-demo/Wave/img/in-wave-card-bg-4.png]
[www.indonez.com/html-demo/Wave/img/in-wave-background-1.png]
[www.indonez.com/html-demo/Wave/img/in-wave-mockup-1.png]
[www.indonez.com/html-demo/Wave/js/vendors/indonez.min.js]
[www.indonez.com/html-demo/Wave/js/config-theme.js]
[www.indonez.com/html-demo/Wave/index.html]
[www.indonez.com/html-demo/Wave/js/vendors/uikit.min.js]
[www.indonez.com/html-demo/Wave/css/vendors/uikit.min.css]
[www.indonez.com/html-demo/Wave/img/in-logo-1.svg]
[www.indonez.com/html-demo/Wave/fonts/rubik-v9-latin-300.woff]
[www.indonez.com/html-demo/Wave/fonts/rubik-v9-latin-regular.woff]
[www.indonez.com/html-demo/Wave/fonts/rubik-v9-latin-500.woff]
[www.indonez.com/html-demo/Wave/fonts/fa-brands-400.woff]
[www.indonez.com/html-demo/Wave/fonts/fa-solid-900.woff]
[www.indonez.com/html-demo/Wave/css/style.css]
[www.indonez.com/html-demo/Wave/index-2.html]
[www.indonez.com/html-demo/Wave/img/in-wave-background-2.png]
[www.indonez.com/html-demo/Wave/img/in-wave-background-3.jpg]
[www.indonez.com/html-demo/Wave/img/in-wave-icon-8.svg]
[www.indonez.com/html-demo/Wave/img/in-wave-icon-9.svg]
[www.indonez.com/html-demo/Wave/img/in-widget-image-1.jpg]
[www.indonez.com/html-demo/Wave/img/in-widget-image-2.jpg]
[www.indonez.com/html-demo/Wave/img/in-widget-image-3.jpg]
[www.indonez.com/html-demo/Wave/img/in-wave-mockup-2.png]
[www.indonez.com/html-demo/Wave/img/in-wave-background-4.svg]
[www.indonez.com/html-demo/Wave/img/in-wave-icon-10.svg]
[www.indonez.com/html-demo/Wave/homepage2.html]
[www.indonez.com/html-demo/Wave/img/in-wave-testibg.jpg]
[www.indonez.com/html-demo/Wave/img/in-testimoni-1.png]
[www.indonez.com/html-demo/Wave/img/in-wave-mockup-3.png]
[www.indonez.com/html-demo/Wave/img/in-wave-icon-11.svg]
[www.indonez.com/html-demo/Wave/img/in-wave-icon-12.svg]
[www.indonez.com/html-demo/Wave/img/in-wave-icon-13.svg]
[www.indonez.com/html-demo/Wave/img/in-wave-background-3.png]
[www.indonez.com/html-demo/Wave/img/in-wave-mockup-4.png]
[www.indonez.com/html-demo/Wave/homepage3.html]
[www.indonez.com/html-demo/Wave/img/in-wave-image-2.jpg]
[www.indonez.com/html-demo/Wave/img/in-wave-award.svg]
[www.indonez.com/html-demo/Wave/img/in-wave-media-1.svg]
[www.indonez.com/html-demo/Wave/img/in-wave-media-2.svg]
[www.indonez.com/html-demo/Wave/img/in-wave-media-3.svg]
[www.indonez.com/html-demo/Wave/img/in-wave-media-4.svg]
[www.indonez.com/html-demo/Wave/img/in-wave-media-5.svg]
[www.indonez.com/html-demo/Wave/img/in-wave-icon-14.svg]
[www.indonez.com/html-demo/Wave/img/in-wave-icon-15.svg]
[www.indonez.com/html-demo/Wave/img/in-wave-icon-16.svg]
[www.indonez.com/html-demo/Wave/img/in-wave-icon-17.svg]
[www.indonez.com/html-demo/Wave/img/in-wave-platformbg.jpg]
[www.indonez.com/html-demo/Wave/img/in-wave-mockup-5.png]
[www.indonez.com/html-demo/Wave/homepage4.html]
[www.indonez.com/html-demo/Wave/markets.html]
[www.indonez.com/html-demo/Wave/img/in-team-background-1.png]
[www.indonez.com/html-demo/Wave/img/in-team-1.png]
[www.indonez.com/html-demo/Wave/img/in-team-2.png]
[www.indonez.com/html-demo/Wave/img/in-team-3.png]
[www.indonez.com/html-demo/Wave/img/in-team-4.png]
[www.indonez.com/html-demo/Wave/about.html]
[www.indonez.com/html-demo/Wave/img/in-blog-image-10.jpg]
[www.indonez.com/html-demo/Wave/blog-article.html]
[www.indonez.com/html-demo/Wave/img/in-team-5.png]
[www.indonez.com/html-demo/Wave/img/in-team-9.png]
[www.indonez.com/html-demo/Wave/img/in-team-8.png]
[www.indonez.com/html-demo/Wave/blog-list.html]
[www.indonez.com/html-demo/Wave/img/in-gallery-image-1.jpg]
[www.indonez.com/html-demo/Wave/img/in-gallery-image-2.jpg]
[www.indonez.com/html-demo/Wave/img/in-gallery-image-3.jpg]
[www.indonez.com/html-demo/Wave/img/in-gallery-image-4.jpg]
[www.indonez.com/html-demo/Wave/img/in-gallery-image-5.jpg]
[www.indonez.com/html-demo/Wave/img/in-gallery-image-6.jpg]
[www.indonez.com/html-demo/Wave/careers.html]
[www.indonez.com/html-demo/Wave/contact.html]
[www.indonez.com/html-demo/Wave/img/in-card-background-1.jpg]
[www.indonez.com/html-demo/Wave/education.html]
[www.indonez.com/html-demo/Wave/img/in-content-10-image.png]
[www.indonez.com/html-demo/Wave/img/in-team-7.png]
[www.indonez.com/html-demo/Wave/img/in-team-6.png]
[www.indonez.com/html-demo/Wave/help-center.html]
[www.indonez.com/html-demo/Wave/img/in-testimoni-2.png]
[www.indonez.com/html-demo/Wave/img/in-client-testi-1.svg]
[www.indonez.com/html-demo/Wave/img/in-testimoni-3.png]
[www.indonez.com/html-demo/Wave/img/in-client-testi-2.svg]
[www.indonez.com/html-demo/Wave/img/in-client-testi-3.svg]
[www.indonez.com/html-demo/Wave/img/in-client-testi-4.svg]
[www.indonez.com/html-demo/Wave/img/in-client-testi-5.svg]
[www.indonez.com/html-demo/Wave/customers.html]
[www.indonez.com/html-demo/Wave/roadmap.html]
[www.indonez.com/html-demo/Wave/legal-docs.html]
[www.indonez.com/html-demo/Wave/img/in-signin-image.jpg]
[www.indonez.com/html-demo/Wave/signin.html]
[www.indonez.com/html-demo/Wave/js/vendors/indonez.min.js]
[www.indonez.com/html-demo/Wave/js/config-theme.js]
[www.indonez.com/html-demo/Wave/img/in-logo-1.svg]
[www.indonez.com/html-demo/Wave/img/in-wave-icon-8.svg]
[www.indonez.com/html-demo/Wave/img/in-wave-icon-9.svg]
[www.indonez.com/html-demo/Wave/img/in-wave-background-4.svg]
[www.indonez.com/html-demo/Wave/img/in-wave-icon-10.svg]
[www.indonez.com/html-demo/Wave/img/in-wave-icon-11.svg]
[www.indonez.com/html-demo/Wave/img/in-wave-icon-12.svg]
[www.indonez.com/html-demo/Wave/img/in-wave-icon-13.svg]
[www.indonez.com/html-demo/Wave/img/in-wave-award.svg]
[www.indonez.com/html-demo/Wave/img/in-wave-media-1.svg]
[www.indonez.com/html-demo/Wave/img/in-wave-media-2.svg]
[www.indonez.com/html-demo/Wave/img/in-wave-media-3.svg]
[www.indonez.com/html-demo/Wave/img/in-wave-media-4.svg]
[www.indonez.com/html-demo/Wave/img/in-wave-media-5.svg]
[www.indonez.com/html-demo/Wave/img/in-wave-icon-14.svg]
[www.indonez.com/html-demo/Wave/img/in-wave-icon-15.svg]
[www.indonez.com/html-demo/Wave/img/in-wave-icon-16.svg]
[www.indonez.com/html-demo/Wave/img/in-wave-icon-17.svg]
[www.indonez.com/html-demo/Wave/blog-article.html]
[www.indonez.com/html-demo/Wave/img/in-client-testi-1.svg]
[www.indonez.com/html-demo/Wave/img/in-client-testi-2.svg]
[www.indonez.com/html-demo/Wave/img/in-client-testi-3.svg]
[www.indonez.com/html-demo/Wave/img/in-client-testi-4.svg]
[www.indonez.com/html-demo/Wave/img/in-client-testi-5.svg]
